If one or more Member States do not apply the decision taken by the International Monetary Fund as referred to in the preceding subparagraph, the weight of fine gold contained in the unit of account shall alter in inverse ratio to the change decided by the International Monetary Fund.
These shall include measures: (a) to penalize trade in, or possession of, such specimens, or both;
THE AGREEMENT SHALL NOT PRECLUDE PROHIBITIONS OR RESTRICTIONS ON IMPORTS , EXPORTS OR GOODS IN TRANSIT JUSTIFIED ON GROUNDS OF PUBLIC MORALITY , LAW AND ORDER OR PUBLIC SECURITY , THE PROTECTION OF LIFE AND HEALTH OF HUMANS , ANIMALS OR PLANTS , THE PROTECTION OF NATIONAL TREASURES OF ARTISTIC , HISTORIC OR ARCHAEOLOGICAL VALUE , THE PROTECTION OF INDUSTRIAL AND COMMERCIAL PROPERTY , OR RULES RELATING TO GOLD OR SILVER.
An extraordinary meeting of the conference of the parties shall be convened by the secretariat on the written request of at least one-third of the parties to consider and adopt amendments to the present Convention.
The Chairman shall convene meetings of the Joint Committee at least once a year in order to review the general functioning of the Agreement.
Article 38 (1)
Any declaration made under the preceding paragraph may, in respect of any territory mentioned in such declaration, be withdrawn by notification addressed to the Secretary General.
Article XV
FURTHER TAKING INTO ACCOUNT the International Convention on Civil Liability for Oil Pollution Damage, 1969,
The same procedure shall apply if, within 30 days of the designation or appointment of the second arbitrator, the third arbitrator has not been elected.
From the date of its entry into force, this Additional Protocol shall form an integral part of the Agreement.
The Commission shall hold a regular meeting once every two years.
Each recommendation made under paragraph 1 of this Article shall become effective for all Contracting Parties six months after the date of the notification from the Commission transmitting the recommendation to the Contracting Parties, except as provided in paragraph 3 of this Article.
HAVE DECIDED to determine by common accord the adjustments and transitional measures to the Agreement consequent on the accession of the Kingdom of Spain and the Portuguese Republic to the European Economic Community, and
SPAIN
Box 50: Principal and authorized representative, place, date and signature
However, this Convention shall not apply to such territories before it has entered into force for the State concerned.
For the purposes of heading No 40.04, the expression "waste, parings and scrap" means rubber waste, parings and scrap from the manufacture or working of rubber and rubber goods definitely not usable as such because of cutting-up, wear or other reasons.
The term "ensemble" does not apply to track suits or ski suits, of heading No 62.11.
For the application of this rule the unspecified "other elements" referred to in Note 1 (c) to this Chapter must each exceed 10 % by weight.
Fertilisers consisting of any of the goods described in (A) or (B) above, but with no account being taken of the fluorine content limit, mixed with chalk, gypsum or other inorganic non-fertilising substances.
in the box reserved for the description of the goods of the TR Transfer Note.
Customs formalities during carriage by means other than rail
Article 2
Without prejudice to the provisions in the second and third subparagraphs of paragraph 1 and in Article 18, the principal may carry out one T 1 or T 2 operation under each flat-rate guarantee voucher.
Chlorine substances
Proposals for such adjustments shall be communicated to the Parties by the secretariat at least six month before the meeting of the Parties at which they are proposed for adoption.
Subject to the Contracting Parties' having notified each other of the completion of the procedures necessary for this purpose, it shall enter into force on the first day of the second month following such notification.
Inspection and monitoring
Special situation of developing countries
However, in the case of retrofitting for instance at large power plants, they ranged from about 8 to 25 Swiss francs per kWel (in 1985).
Canada
make a joint study of the most efficient means of promoting the preservation and conservation of living marine resources while observing and respecting the relevant principles and rules of international law,
'Article 2
Any Party may notify the Executive Director of any person, other than those in paragraphs (A) and (D), who will be in the Russian Federation in connection with the Center's projects and activities.
The other functions that the provisions of GATT 1994 assign to the Contracting Parties acting jointly shall be allocated by the Ministerial Conference.
contributions from non-Community organizations with which the Board of Governors has concluded an Agreement;
In accordance with the Mid-Term Review Agreement that government measures of assistance, whether direct or indirect, to encourage agricultural and rural development are an integral part of the development programmes of developing countries, investment subsidies which are generally available to agriculture in developing country Members and agricultural input subsidies generally available to low-income or resource-poor producers in developing country Members shall be exempt from domestic support reduction commitments that would otherwise be applicable to such measures, as shall domestic support to producers in developing country Members to encourage diversification from growing illicit narcotic crops.
This Convention defines the Statute of the European Schools (hereinafter referred to as 'Schools`).
the Conference of the parties shall, at its first session, review the adequacy of subparagraphs (a) and (b) above.
the rules of origin that they apply to imports and exports are not more stringent than the rules of origin they apply to determine whether or not a good is domestic and shall not discriminate between other Members, irrespective of the affiliation of the manufacturers of the good concerned;
No one of these factors by itself can necessarily give decisive guidance but the totality of the factors considered must lead to the conclusion that further dumped exports are imminent and that, unless protective action is taken, material injury would occur.
Members recognize that, although international standards, guides or recommendations may exist, in their particular technological and socio-economic conditions, developing country Members adopt certain technical regulations, standards or conformity assessment procedures aimed at preserving indigenous technology and production methods and processes compatible with their development needs.
Equivalent measurements of support shall be calculated on the amount of subsidy as close as practicable to the point of first sale of the basic agricultural product concerned.
Imposition and Collection of Anti-Dumping Duties
The adequacy of remuneration shall be determined in relation to prevailing market conditions for the good or service in question in the country of provision or purchase (including price, quality, availability, marketability, transportation and other conditions of purchase or sale).
Examples of similar measures include export moderation, export-price or import-price monitoring systems, export or import surveillance, compulsory import cartels and discretionairy export or import licensing schemes, any of which afford protection.
Such publication shall take place, whenever practicable, 21 days prior to the effective date of the requirement but in all events not later than such effective date.
Initial registration, and each renewal of registration, of a trademark shall be for a term of no less than seven years.
costs of instruments, equipment, land and buildings used exclusively and permanently (except when disposed of on a commercial basis) for the research activity;
Article 31
Any State or Regional Economic Integration Organization may at the time of signature, ratification, acceptance, approval or accession, by a declaration deposited with the Depositary, declare that the Treaty shall be binding upon it with respect to all the territories for the international relations of which it is responsible, or to one or more of them.
Nothing in this Article shall derogate from a Contracting Party's rights and obligations under international law including customary international law, existing bilateral or multilateral agreements, including rules concerning submarine cables and pipelines.
Expeditious implementation of all special and differential measures taken in favour of least-developed countries including those taken within the context of the Uruguay Round shall be ensured through inter alia regular reviews.
Article 16
Each Contracting Party shall appoint a competent authority or competent authorities to coordinate the application of this Agreement.
For the purpose of paragraph A.2.2 'country` shall mean, in so far as Euratom is concerned, the territories to which the Treaty establishing the European Atomic Energy Community applies and the territories of the countries participating in the Euratom fusion programme as fully associated third States.
hereinafter referred to as the 'Contracting Parties',
With reference to the discussion held between representatives of the Government of the United States of America (hereinafter the US) and the European Community (hereinafter the EC) regarding government procurement, I have the honour to confirm the following:
the term 'Pool` shall mean the use in common of containers established by an agreement;
Each committee shall be responsible to the Council.
'In its recommendation No 1/93 of 23 September 1993, the EEC-EFTA Joint Committee on the simplification of formalities in trade in goods proposed a number of amendments to the EEC-EFTA Convention of 20 May 1987 on the simplification of formalities in trade in goods.
Such expenditures shall normally be met by contributions from members assessed in accordance with Article 24.
The provisions of this Agreement shall apply to the inventory of nuclear material formerly subject to the agreements referred to in Article 19 from the date upon which such agreements terminate.
I have the honour to acknowledge receipt of your letter of today worded as follows:
an ongoing 'case-book` of IMS experiences with donations from project teams;
in respect of heavy oils falling within heading No ex 2710 only, desulphurization with hydrogen resulting in a reduction of at least 85 per cent of the sulphur content of the products processed (ASTM D 1266-59 T method);
In order to determine whether a product originates, it shall not be necessary to determine the origin of the following which might be used in its manufacture:
The working documents may include any checklists of elements to evaluate.
In cases where the exporter is not required to sign, the exemption of signature also implies the exemption of the name of the signatory.PROTOCOL 4 concerning the special provisions applicable to imports of certain agricultural products other than those listed in Protocol 1
facilitate the provision of necessary funding at the national, subregional, regional and global levels for activities pursuant to relevant provisions of the Convention;
developing economic activities of a paraagricultural or non-agricultural type;
ensure that the trapping methods conducted in their respective territories are in accordance with the Standards;
the existence of broad expanses which are vulnerable and have been severely affected by desertification and/or drought and in which diverse characteristics may be observed, depending on the area in which they occur;
Control data from animals kept elsewhere in good conditions and for different activities, baseline data before the trapping event occurs, and some reference data after extreme stimulations (e.g., a challenge test with adrenocorticotrophic hormone) should also be collected.
Entry into force and termination
As a first step, the Parties shall, as a minimum, reduce and maintain their annual sulphur emissions in accordance with the timing and levels specified in Annex II.
determining the Centre's policy and its own rules of procedure;
Most of these units need to be calculated and need specification in terms of gas temperature, humidity, pressure, oxygen content or heat input value;
in exceptional circumstances not elsewhere provided for in this Treaty, the Charter Conference decides to waive the obligation otherwise imposed on a Contracting Party by this paragraph, consenting to an increase in a customs duty, subject to any conditions the Charter Conference may impose.
in Annex III (1), the wording "in consultation with the Commission" shall read "in consultation with the Commission and the EFTA Surveillance Authority".
access to compliance programmes and appropriate records and documents,
Article 2
PART II
At the preparatory meeting held pursuant to Article 21 the Contracting Parties shall prepare and adopt by consensus Rules of Procedure and Financial Rules.
Council Directive 77/504/EEC of 25 July 1977 on pure-bred breeding animals of the bovine species (OJ L 206, 12.8.1977, p. 8), as amended by:
Council Directive 95/22/EC of 22 June 1995 (OJ L 243, 11.10.1995, p. 1).
Acts concerning the conditions of accession and adjustments to the Treaties - Accession of the Republic of Austria, the Republic of Finland and the Kingdom of Sweden (OJ C 241, 29.8.1994, p. 21, as adjusted by OJ L 1, 1.1.1995, p. 15).
Commission Decision 92/341/EEC of 3 June 1992 relating to the computer retrieval of local Animo units (OJ L 188, 8.7.1992, p. 37), as amended by:
Commission Directive 85/38/EEC of 14 December 1984 (OJ L 16, 19.1.1985, p. 41),
FINAL PROVISIONS
The ACP States, the Community and its Member States, within the scope of their respective competencies, recognising the importance of private investment in the promotion of their development cooperation and acknowledging the need to take steps to promote such investment, shall:
polluter pays principle;
Fishery Agreements
enable the ACP States and the Commission and the Joint Institutions, to feed the lessons of experience back into the design and execution of future policies and operations.
Cooperation shall help improve the access of women to all resources required for the full exercise of their fundamental rights. More specifically, cooperation shall create the appropriate framework to:
Without prejudice to paragraphs 1 to 6, the derogation shall be granted where the value added to the non-originating products used in the ACP State or States concerned is at least 45 % of the value of the finished product, provided that the derogation is not such as to cause serious injury to an economic sector of the Community or of one or more Member States.
However, an approved exporter within the meaning of Article 20 shall not be required to sign such declarations provided that he gives the customs authorities of the exporting country a written undertaking that he accepts full responsibility for any invoice declaration which identifies him as if it had been signed in manuscript by him.
Accordingly, it follows that:
The President of the Republic of Mozambique,
purchase of goods, irrespective of their origin, on the local market;
A movement certificate EUR.1 shall be issued by the customs authorities of the exporting country on application having been made in writing by the exporter or, under the exporter's responsibility, by his authorized representative.
natural persons, companies or firms or public or semi-public agencies of the ACP States and the Member States;
The Centre shall support regional initiatives and networks and shall progressively share capacity development programmes with appropriate ACP organisations.
the projects and programmes enabling those objectives to be attained, insofar as they have been clearly identified as well as an indication of the resources to be deployed for each of these elements and a timetable for their implementation.
the customs authorities of the European Community and of Switzerland shall provide each other with any appropriate administrative assistance, particularly for the purposes of subsequent verification;
Registration
The Parties recognise that products covered by the common agricultural policy follow specific rules and regulations, in particular with regard to safeguard measures.
The President of the Republic of Benin,
ACTIONS
which contributes to improving the production or distribution of goods or to promoting technical or economic progress, while allowing consumers a fair share of the resulting benefit, and which does not:
Subject to its liability to carry out all its obligations under the contract of carriage, the consignor has the right to dispose of the cargo by withdrawing it at the airport of departure or destination, or by stopping it in the course of the journey on any landing, or by calling for it to be delivered at the place of destination or in the course of the journey to a person other than the consignee originally designated, or by requiring it to be returned to the airport of departure.
Protocol
MOTOR VEHICLES
This Agreement shall apply, on the one hand, to the territories in which the Treaties establishing the European Community, the European Atomic Energy Community and the European Coal and Steel Community are applied and under the conditions laid down in those Treaties and, on the other hand, to the territory of Turkey.
liquid substances carried in bulk with a flashpoint not exceeding 60 °C (measured by a closed cup test);
The export notification shall include the information set out in Annex V.
Romania shall endeavour to harmonise on the basis of Community rules its legislation on the carriage of perishable goods, live animals and dangerous goods.
Annex V
The secretariat shall also communicate the text of any proposed amendments to the Parties and signatories to the Convention and, for information, to the Depositary.
Bovine, ovine, caprine, Porcine
Viandes fraîches
CONSIDERING that to achieve the aims of:
"standard" means a provision the implementation of which is recognised as necessary for the achievement of harmonisation and simplification of customs procedures and practices;
Processed animal protein
This Decision shall be published in the EEA Section of, and in the EEA Supplement to, the Official Journal of the European Union.
The list of items of which the solvency margin required by this Directive may be made up takes account of new financial instruments and of the facilities granted to other financial institutions for the constitution of their own funds.
"(b) 'National law' and 'national legislation' mean the law or the national legislation of the court having jurisdiction under this Convention over claims arising out of a nuclear incident, excluding the rules on conflict of laws relating to such claims.
The scheme of operations of the agency or branch referred to in paragraph 2(g) shall contain the following particulars or evidence of:
The principles of mutual recognition and of home Member State supervision require that Member States' competent authorities should not grant or should withdraw authorisation where factors such as the content of programmes of operations or the geographical distribution of the activities actually carried on indicate clearly that an assurance undertaking has opted for the legal system of one Member State for the purpose of evading the stricter standards in force in another Member State within whose territory it carries on or intends to carry on the greater part of its activities.
in Article 1, points 16, 17, 18, 21, 22, 23 and 24 shall be replaced by the following:
the following paragraph shall be inserted in Article 15:
The relevant competent authorities referred to in the first and second paragraphs shall in particular consult each other when assessing the suitability of the shareholders and the reputation and experience of directors involved in the management of another entity of the same group.
'1974 Solas Convention' shall mean the International Convention for the Safety of Life at Sea, together with Protocols and amendments thereto, in its up-to-date version;
The dissemination to the public of this information on energy performance should be enhanced by clearly displaying these energy certificates.
are to be amended.
Manufacture of other articles of paper and paperboard n.e.c.
For the purpose of paragraph 1, the blood establishment shall submit the information listed in Annex I to the competent authority.
take samples for examination and analysis;
CHAPTER II
List of competent bodies in the Member States
Manufacture of locks and hinges
Where no expenditure has been incurred during the quarter concerned, a statement to that effect shall be submitted within the same time limit as for applications for intermediate payments.
It should be noted that the Community industry could not support the allegations made with regard to the exporting producer in Bulgaria by sufficient evidence.
Article 2
Industrial services for other products of wood
Paper and paperboard, creped, crinkled, embossed or perforated, n.e.c.
COAL AND LIGNITE; PEAT; CRUDE PETROLEUM AND NATURAL GAS; URANIUM AND THORIUM
The expenditure of the Authority shall include the staff, administrative, infrastructure and operational expenses, and expenses resulting from contracts entered into with third parties or resulting from the financial support referred to in Article 36.
Wood in the rough;
other astronomical instruments; optical microscopes
Parts of bearings, gearings and driving elements
Installation, repair and maintenance services of other metal products n.e.c.
Repair, maintenance and restoration services of furniture
Jacks; hoists of a kind used for raising vehicles
Other management-related services n.e.c.
In fact, the information provided by both cooperating companies in the US was fully verified by the Commission at the premises of both companies in the US.
Furthermore, no consistent and/or significant price differentials were found to exist according to the different sales channels.
Class 51.87
Transportation by vehicles for dry bulk goods
Monitoring in animals slaughtered for human consumption
Section "J. NETHERLANDS" is amended as follows:
According to Article 3.3 of MARPOL 73/78, that Convention does not apply to warships, naval auxiliary or other ships owned or operated by a State and used only for government non-commercial services.
The Presidency of the Council, acting on behalf of the Member States, and the Commission shall jointly inform the IMO of the adoption of this Regulation, whereby reference shall be made to Article 211, paragraph 3 of the United Nations Convention on the Law of the Sea.
Member States shall in particular set up a system to ensure and check that:
For the Commission
For perennial crops, Member States may, by derogation to the previous paragraph, provide that the maximum levels apply as follows:
In these circumstances, the argument was rejected.
the quantities relating to applications for licences withdrawn pursuant to Article 8(4).
the agronomic assumptions used as reference point;
organisation established within the Community without prejudice to the application of national law, or
Cotton yarn, not put up for retail sale
Narrow woven fabrics, and narrow fabrics (bolduc) consisting of warp without weft, assembled by means of an adhesive, other than labels and similar articles of category 62
Claims for MET and/or IT were received from three exporting producers.
ANNEX II
Moreover, it was examined whether the price depression could be attributable to the normal course of the RBM business, since prices from almost all sources of supply decreased between 1998 and the IP.
Although the minidisc is a recordable optical product, using the same laser technology as the CD-R, it is at the same time erasable and always encased in a fixed housing, comparable to that of 3,5 inch diskettes.
It is however recalled that although Indonesian imports decreased between 1998 and 2000, they slightly increased between 2000 and the IP without reaching the level of 1998.
This competition allegedly led the users/distributors of the product concerned to exert a price pressure on the Community industry thus leading to a price decrease.
Based on this new data, it was determined that a reasonable profit margin, not exceeding the profit normally realised by other exporters or producers on sales of the same general category of products in the domestic market of the country of origin, India, would not exceed 5 %.
Any other information considered necessary to facilitate identification, for example method of manufacture/extrac tion or origin of materials from which the substance is manufactured.
The active fraction of the filtrate, consisting mainly of protein, is isolated by precipitation, washed and re-dissolved.
To test the potency, sensitise not fewer than nine albino guinea-pigs, each weighing 400 g to 600 g, by the deep intramuscular injection of 0,0001 mg of wet mass of living M. bovis of strain AN5 suspended in 0.5 ml of a 9 g/l solution of sodium chloride R for bovine tuberculin, or a suitable dose of inactivated or live M. avium for avian tuberculin.
Formulation
Hazard evaluation
Typical motion sensor
CHARACTER SETS
The IDE is not part of the secure environment; therefore no authentication between the card and the IDE is performed.
The calibration function may also input necessary data through other connectors.
Notes:
Data to be carried by CG: non BER-TLV coded data and padding bytes.
Equipment public keys shall be certified by a Member State certification authority.
embedded security component identifier (e.g. internal chip/processor part number),
'xxxx'B Not used.
Distance::= INTEGER(0..216-1) Value assignment: Unsigned binary.
The Agency shall accede to the Interinstitutional Agreement of 25 May 1999 concerning internal investigations by OLAF and shall issue, without delay, the appropriate provisions applicable to all of its staff.
Without prejudice to Article 16, the powers conferred on the appointing authority by the Staff Regulations and the Conditions of employment of other servants shall be exercised by the Agency in respect of its own staff.
In view of the magnitude of the dumping margins found and in the light of the level of the injury caused to the Community industry, it is considered necessary that the amounts secured by way of the provisional anti-dumping duty, imposed by the provisional Regulation, should be definitively collected at the rate of the duty definitively imposed.
Creation and powers of the Administrative Board
Producers wishing to secure the inclusion of these active substances in Annex I to Directive 91/414/EEC have provided detailed information relating to the current stage of completeness of their dossiers and on the endpoints and have undertaken to provide a full data package.
Article 86
Article 33
Article 126
the capital operations and debt management for the financial year in question;
Expenditure eligible for financing may not have been incurred before the grant application was lodged or before the start of the beneficiary's budgetary year.
The concepts of budgetary and legal commitment of expenditure and the conditions for applying them should be defined.
ensure full performance of the contract,
Purchases of energy products
the open procedure;
Section 2
undergo the plant's own checks provided for in Article 25;
Animal by-products and processed products, with the exception of Category 3 catering waste shall be collected, transported and identified in accordance with Annex II.
it was obtained, processed and dispatched in conformity with the following conditions:
The results of the checks and tests shall be kept for at least two years;
It should be noted that after the publication of the Provisional Regulation, two additional Turkish companies were found not to have dumped.
If only one intermediate verification is to be carried out and the period of validity of the Safety Management Certificate is five years, it should take place between the second and third anniversary date of the Safety Management Certificate.
In order to consider the Community interest in this particular case, information was requested from all interested parties, which were either known to be concerned or which made themselves known.
Safety management objectives of the Company should, inter alia:
The Community industry claimed that the unsatisfactory development of prices compared to costs was due to a strong price competition on the Community market in particular before the imposition of the anti-dumping measures in the year 2000.
HAS ADOPTED THIS REGULATION:
In the latter case, the goods are subjected to a much higher level of checks.
A reference liquorice extract solution is prepared.
Where reference is made to this paragraph, Articles 5 and 7 of Decision 1999/468/EC shall apply, having regard to the provisions of Article 8 thereof.
Therefore, the definitive anti-dumping duty should be adjusted to reflect the actual dumping margin remaining after the imposition of the definitive countervailing duty offsetting the effect of the export subsidies.
Nitrothal
Women's nightwear
wastes from dressing and finishing
Gooseberries
the first five digits identify the categories.
Lamb
Borates and perborates
Caterpillar tracks
Oxygen-function amino-compounds
Blue diazo film
Steel frames
X-ray processing devices
Fusion equipment
Spreadsheet software
Video-conferencing equipment
Switchboard equipment
Joinery work
Computer floors
Integrated telecommunications services (2)
Wharf
Aircraft equipment
TIME LIMITS
Forms
Computer time sharing services
Railway engineering services
Sports facilities operation services
The specifications for the national civil aviation security quality control programme to be implemented by the Member States shall be adopted in accordance with the procedure referred to in Article 9(2).
Flours and meal of oil seeds or oleaginous fruits
A representative of the Commission, and, where appropriate, of the European Investment Bank, may participate in the work of the Monitoring Committee in an advisory capacity.
Vehicles requiring to move between landside and airside areas shall be issued with a pass specific to the vehicle and fixed to it in an easily visible place.
Sunflower-seed, safflower or cotton-seed oil and fractions thereof
the amount to be recovered, expressed in euro;
Article 117
Knowledge arising from work carried out under other indirect actions shall be the property of the participants carrying out the work leading to that knowledge.
mail which is to be carried on all-mail flights between Community airports;
Should a participant breach the contract and should the consortium not make good this breach, the Commission may, as a last resort and if all other approaches have been explored, hold the participants liable under the following conditions:
Article 63
Entry into force
Section 5
It shall provide appropriate information as regards coherence with other financial instruments and any possible synergy.
Thresholds and procedures for awarding supply contracts
The same shall apply where, through serious misconduct, he/she fails to draw up a document establishing an amount receivable or if he/she fails to issue a recovery order or is, without justification, late in issuing it, or if he/she fails to issue a payment order or is late in issuing it, thereby rendering the agency liable to civil action by third parties.
the provisions guaranteeing the visibility of Community action in relation to the other activities of the body;
IT systems
However, in the cases referred to in points (a) and (b), an audit shall not be necessary in respect of the first pre-financing payment.
Each body could have access to the panel referred to in Article 66(4) of the general Financial Regulation set up by the Commission to examine irregularities so that a similar assessment can be made of identical cases.
A Certificate may include the following optional features:
Euro banknotes which are mutilated or damaged to a minor degree, e.g. by having annotations, numbers or brief sentences placed on them, will in principle not be considered to be intentionally mutilated or damaged euro banknotes;
The Commission shall report to the European Parliament and the Council on the operation of the Common Fisheries Policy with respect to Chapters II and III before the end of 2012.
Detailed rules for the application of this Article may be adopted in accordance with the procedure laid down in Article 30(2).
COASTAL WATERS OF BELGIUM
Having regard to the Treaty establishing the European Community,
fillets of salmon of the species Salmo salar,
Contracts
Part 3 - Protection of breeds and production traits
A recommendation shall appear on the packaging for the consumers to contact their water supplier or local authority in order to find out the degree of hardness of their tap water.
Commission Decision of 24 March 2003 amending Decision 2000/45/EC as regards the validity of the ecological criteria for the award of the Community eco-label to washing machines
Article 2
allowing the lodgment of the goods declaration by means of an entry in the records of the authorised person to be supported subsequently by a supplementary goods declaration.
Commission Decision of 25 April 2003 laying down specific conditions for imports of fishery products from Sri Lanka
Waste transportation
Having regard to the Treaty establishing the European Community,
Is this intended for domestic use?
Article 6
The secretary and the staff of the secretariat needed for carrying out the tasks of the secretariat shall be supplied by the Commission.
Council Decision of 18 June 2003 on a revision of the Statutes of the Economic and Financial Committee
For those active substances the time period provided for in Article 8(2) of Directive 91/414/EEC should be prolonged in order to allow for the submission of dossiers and the evaluation thereof.
Member States or regions therof free of Aujeszky's disease and where vaccination is prohibited
The arbitration court shall comprise three arbitrators.
(Z)-9-Tetradecenyl acetate
The measures provided for in this Decision are in accordance with the opinion of the Committee set up by Article 7 of Decision No 2119/98/EC,
An independent advisory group on electricity and gas, called the "European Regulators Group for Electricity and Gas" (hereinafter referred to as the "Group"), is hereby established by the Commission.
HAS ADOPTED THIS DECISION:
The Commission is hereby authorised to conclude an Agreement for cooperation in the peaceful uses of nuclear energy between the European Atomic Energy Community (Euratom) and the Government of the Republic of Uzbekistan.
Annex II to Decision 93/52/EEC is replaced by the text in the Annex to this Decision.
System 3: see Annex III(2)(ii) to Directive 89/106/EEC, second possibility.
The Commission has provided, since the year 2000, the framework for coordination of the relevant actions of those technical authorities.
Article 2
have undergone health controis in accordance with Chapter V of the Annex to Directive 9114931EEC;
ZONES IN FRANCE APPROVED WITH REGARD TO VHS AND IHN
HAS ADOPTED THIS DECISION:
This action line should facilitate school twinnings via the Internet, and promote teachers' training, while stimulating European schools to build pedagogical partnerships with schools elsewhere in Europe, fostering language learning and intercultural dialogue.
This action line aims at providing an "e-learning dimension" to European initiatives in the field of higher education, contributing to the creation of a European area of higher education.
ANNEX
Article 12
The measures necessary for the implementation of this Decision should be adopted in accordance with Council Decision 1999/468/EC of 28 June 1999 laying down the procedures for the exercise of implementing powers conferred on the Commission(10),
In accordance with the procedure laid down in Article 17(2), the Commission shall, for information, draw up a list of the administrative measures and sanctions referred to in paragraph 1.
the need to foster the international competitiveness of EU financial markets without prejudice to a much-needed extension of international cooperation,
The documents referred to in point 2 shall be made available to the responsible authority in cases where the undertaking ceases trading, in accordance with national laws and/or practice.";
Health examination of workers should be carried out in accordance with the principles and practices of occupational medicine.
any indirect effects on workers' health and safety resulting from interactions between noise and warning signals or other sounds that need to be observed in order to reduce the risk of accidents;
group I for children of a mass of from 9 kg to 18 kg;
The field of roadworthiness testing is embraced by Council Directive 96/96/EC of 20 December 1996 on the approximation of the laws of the Member States relating to roadworthiness tests for motor vehicles and their trailers(2), as last amended by Commission Directive 2001/11/EC(3), which covers regular roadworthiness testing, and by Directive 2000/30/EC, which applies to the roadside inspections of heavy commercial vehicles for their roadworthiness.
having examined the concerns and opinions expressed by the public concerned, the reasons and considerations on which the decision is based, including information on the public participation process.";
Number of the UN/ECE regulation
Minimum required height of barrier = 2,2 metres
Extreme permissible positions of the centre of gravity of the body and/or interior fittings and/or equipment and/or payload:...
Approach angle:... degrees
Vehicles produced in small series
Frame(s):
ANNEX IV
The OECD has established rules for seed for intra- and inter-specific hybrids of cotton (Gossypium hirsutum and Gossypium barbadense).
Fire protection system
All the elements, requirements and provisions adopted by the manufacturer must be documented in a systematic and orderly manner in the form of written policies, procedures and instructions.
Member States may, in the case of transactions for which the principal motive or one of the principal motives is tax evasion, tax avoidance or abuse, withdraw the benefits of this Directive or refuse to apply this Directive.
Review
HAVE ADOPTED THIS DIRECTIVE:
the experience gained in the application of the Directive as far as the effective independence of system operators in vertically integrated undertakings is concerned and whether other measures in addition to functional independence and separation of accounts have been developed which have effects equivalent to legal unbundling.
do not come from a holding into which ovine or caprine animals have been introduced during the 21 days prior to dispatch,
Where reference is made in Directives 78/660/EEC and 83/349/EEC to Articles 9, 10 and 10a (balance sheet) or to Articles 22 to 26 (profit and loss account) of Directive 78/660/EEC, such references shall be deemed to be references to Articles 4 and 4a (balance sheet) or to Articles 26, 27 and 28 (profit and loss account) of this Directive.";
Natural gas undertakings, whatever their system of ownership or legal form, shall draw up, submit to audit and publish their annual accounts in accordance with the rules of national law concerning the annual accounts of limited liability companies adopted pursuant to the Fourth Council Directive 78/660/EEC of 25 July 1978 based on Article 44(2)(g)(13) of the Treaty on the annual accounts of certain types of companies(14).
final report signed by the investigator and for multi-centre trials, by all the investigators or the co-ordinating (principal) investigator.
Guidelines for predicting dietary intake of pesticide residues (revised), prepared by the GEMS/Food Programme in collaboration with the Codex Committee on Pesticide Residues, published by the World Health Organisation 1997 (WHO/FSF/FOS/97.7).
Information on distribution and elimination shall be necessary in all cases where such data are indispensable to determine the dosage for humans, and in respect of chemo-therapeutic substances (antibiotics, etc.) and substances whose use depends on their non-pharmaco-dynamic effects (e.g. numerous diagnostic agents, etc.).
Member States shall ensure that responsibility for the information given in a prospectus attaches at least to the issuer or its administrative, management or supervisory bodies, the offeror, the person asking for the admission to trading on a regulated market or the guarantor, as the case may be.
In vitro studies also can be carried out with the advantage of using human material for comparison with animal material (i.e. protein binding, metabolism, drug-drug interaction).
Legislation applicable to the negotiation procedure
The choke must be cut out as soon as possible and in principle before acceleration from 0 to 50 km/h.
The competent authority shall place the holding referred to in paragraph 1 under official surveillance as soon as the suspected infection is notified and shall in particular ensure that:
Recovery calculation and reporting of results
Unnecessary risks from burning animal carcasses on pyres or burying them at mass burial sites should be avoided.
For the five-year period beginning 1 January 2008, Member States shall allocate at least 90 % of the allowances free of charge.
Acting in accordance with the procedure laid down in Article 251 of the Treaty(4),
Article 43
the national reference laboratory referred to in point (c) liases with the Community Reference Laboratory provided for in Article 69 and in particular ensures the sending of appropriate samples to the Community Reference Laboratory.
Real-time alert exercises
Addressees
This Directive is addressed to the Member States.
Notwithstanding paragraph 2, Member States which introduce a system of road user charges for motor vehicles or articulated vehicle combinations intended exclusively for the carriage of goods by road may apply a reduced rate on gas oil used by such vehicles, that goes below the national level of taxation in force on 1 January 2003, as long as the overall tax burden remains broadly equivalent, provided that the Community minimum levels are observed and that the national level of taxation in force on 1 January 2003 for gas oil used as propellant is at least twice as high as the minimum level of taxation applicable on 1 January 2004.
Member States should submit a report on the implementation of this Directive drawn up on the basis of Council Directive 91/692/EEC of 23 December 1991 standardising and rationalising reports on the implementation of certain Directives relating to the environment(10).
Documentation
In the case of mirrors consisting of several reflecting surfaces which are either of a different curvature or make an angle with each other, at least one of the reflecting surfaces must provide the field of vision and have the dimensions (see point 2.2.2 of Annex II) specified for the class to which they belong.
HPC values (at least five values)
The following is added to the list of analogues of aminoacids in the Annex to Directive 82/421/EEC under the heading «4.1 Analogues of methionine»
Article 1
It applies to the genera and species listed in Annex II to that Directive.
The auxiliary tables replicate the original Tables 1, 2, 3 and 4 of Regulation ECB/2001/13. They include in each cell the number of the relevant accounting items.
The maximum pesticide residue levels for 2,4-DB, linuron, pendimethalin, imazamox, oxasulfuron, ethoxysulfuron, foramsulfuron, oxadiargyl and cyazofamid as shown in Annex I to this Directive are added to Part A of Annex II to Directive 86/362/EEC.
Parts of plants, other than fruit and seeds, of Amelanchier Med., Chaenomeles Lindl., Cotoneaster Ehrh., Crataegus L., Cydonia Mill., Eriobotrya Lindl., Malus Mill., Mespilus L., Photinia davidiana (Dcne.) Cardot, Pyracantha Roem., Pyrus L. and Sorbus L.»
the plants originate in pest free areas in third countries which have been established in relation to Erwinia amylovora (Burr.) Winsl. et al. in accordance with the relevant International Standard for Phytosanitary Measures and recognised as such in accordance with the procedure laid down in Article 18(2),
Directive 2000/29/EC should therefore be amended accordingly.
This item comprises the amounts arising from the issue of equity capital by reporting OFIs to shareholders or other proprietors, representing for the holder property rights in the OFI and generally an entitlement to a share in its profits and to a share in its own funds in the event of liquidation.
For the purposes of submitting statistical data to the ECB, the NCBs ensure that asset and liability positions denominated in foreign currencies are translated into euro using the market exchange rate on the last day of the period.
They can have different legal structures (contractual, corporate and unit trusts) and can be open or closed-end.
The value A24 from the code list CL_BS_ITEM is used to define "loans - of which transfer of foreign currency reserves".
a second request should be transmitted subsequently to establish a "new" MFI with the new "mfi_id" code.
>This dimension represents the country of residence of the issuing sector(48).
loans that have become negotiable de facto,
Without prejudice to the prevailing accounting practices in Member States, all assets and all liabilities are to be reported on a gross basis for statistical purposes.
If NCBs are unable to identify the exact reaso n for a missing value or cannot support the whole range of values presented in CL_OBS_STATUS (so that they are not in a position to choose between "H""L" or "M" as a value for this attribute), the value "M" is used.
The Commission shall undertake the financial implementation of EDF resources by means of decentralised management with the OCTs in accordance with the conditions set out in the Overseas Association Decision and in the measures implementing that Decision.
the expenditure is charged to the correct item in the accounts;
a table of items payable to the EDF showing:
Article 122
The authorising officer may delegate the decision only as laid down by the Commission in the rules referred to in paragraph 2.
Article 134
Milk (*)
On the basis of a draft submitted by the director and after approval by the Commission, the Steering Committee shall, no later than the beginning of each year, adopt the executive agency's annual work programme comprising detailed objectives and performance indicators.
THE COMMISSION OF THE EUROPEAN COMMUNITIES,
No later than 31 March of each year, the Steering Committee shall adopt and submit to the Commission an annual activity report together with financial and management information.
Article 18
Article 5
Feasibility studies
Date of departure
The President
The requested Member State shall make the necessary checks, and shall give a decision on the request to take charge of an applicant within two months of the date on which the request was received.
An export-validated Dissostichus spp. catch document is one that:
Furthermore, the titular holder must present proof of payment of such an invoice.
Procedure for payment of export refunds
Animal species
For well-founded reasons, where compliance with the specifications laid down for an agricultural product or a foodstuff bearing a protected name can no longer be ensured.
Council Directive 91/414/EEC of 15 July 1991 concerning the placing of plant-protection products on the market(1).
Such security need not be required where such a requirement would be likely, owing to the debtor's circumstances, to cause serious economic or social difficulties."
In the event that the competent authority rejects transport of animal by-products to the nearest incineration or processing plant in accordance with Article 24(1)(c) of Regulation (EC) No 1774/2002, the competent authority may approve the disposal of those by-products
UY Uruguay I
for: "Decree of 14 December 1981",
sifting, screening, sorting, classifying, grading, matching; (including the making-up of sets of articles);
None
Whereas:
in point 9(2)B, the following indents are inserted after "Other information":
The market share of imports originating in third countries other than Taiwan and India decreased by 39 percentage points between 1998 and the IP where they were found to be 11 %.
Basic personal data
passengers
DATE OF BIRTH/PLACE OF BIRTH: Circa 1957 or 14 March 1942, either Mosul or Baghdad
OJ L 14, 21.1.2003, p. 1.
They shall be defined in accordance with the procedure referred to in Article 14(2). One secondary area shall be covered each year.
It was pointed out, in addition, that registration should have been applied for as a protected geographical indication and not as a protected designation of origin.
The derogation arrangements established by this Regulation should be evaluated in the light of the experience of putting them into practice.
The validity of import certificates issued by the authorities of the Member States shall be subject to the validity of the export certificates issued by the competent Vietnamese authorities on the basis of which the import certificates have been issued.
GROUNDS FOR THE REVIEW
Regulation (EC) No 1774/2002:
This Regulation shall enter into force on the seventh day following that of its publication in the Official Journal of the European Union.
If a derogation was granted for an airport in year N but the airport changes category in year N, then the derogation is no longer valid for that year.
Article 80
Excludes State flights(-2-).
The total number of passenger seats available for sale on an aircraft operating a flight stage(see-10-) between a pair of airports.
Other
An SCE whose registered office is outside the euro area may also express its annual accounts and, where appropriate, consolidated accounts, in euro.
If an entity is not determined to be a public body, it is by default a private body, and government direction must be shown under Article 2(1)(a)(iv) of the basic Regulation for there to be a subsidy.
Hybrids may be specifically included in the Appendices but only if they come from distinct and stable populations in the wild.
Regarding de facto specificity, it is concluded that the programme was only used by six companies, four of which belonged to Hyundai Group, and that Hynix used 41 % of the funds of the programme.
In the absence of any comments, the provisional findings concerning the market economy treatment and the analogue country as described in recitals 15 to 22 of the provisional Regulation are confirmed.
He shall also send this reply to the Administrative Board.
Article 12 shall be replaced by the following:
The budgetary authority shall authorise the appropriations for the subsidy to the Agency.
Unrealised losses on investments (32 28 0),
21B.35 Changes in organisation and procedures
A level three finding shall not require immediate action by the holder of the design organisation approval.
it holds or has applied for an approval covering the design of that product, part or appliance, or
for organisations having their principal place of business in a Member State, the authority designated by that Member State;
Code: 48 15 2
INTERNATIONAL ACCOUNTING STANDARD IAS 2 (REVISED 1993)
The costs identified as directly attributable to activities performed by the lessee for a finance lease, are included as part of the amount recognised as an asset under the lease.
Assets that are jointly used by two or more segments should be allocated to segments if, and only if, their related revenues and expenses also are allocated to those segments.
In May 1999, IAS 10 (revised 1999), events after the balance sheet date, amended paragraphs 20(b), 35, 125 and 141.
If such lease transactions are not reflected in the lessee's balance sheet, the economic resources and the level of obligations of an enterprise are understated, thereby distorting financial ratios.
Paragraphs 39, 40 and 41 become operative when IAS 36 becomes operative, i.e. for annual financial statements covering periods beginning on or after 1 July 1999, unless IAS 36 is applied for earlier periods.
Some non-monetary items are carried at amounts current at the balance sheet date, such as net realisable value and market value, so they are not restated.
This International Accounting Standard becomes operative for financial statements of retirement benefit plans covering periods beginning on or after 1 January 1988.
When an enterprise has issued share options to employees, or to employee compensation plans, disclosures may be made in total, or in such groupings as are considered most useful for assessing the number and timing of shares that may be issued and the cash that may be received as a result.
If so, the determination of fair values for the identifiable assets and liabilities acquired and the recognition of goodwill or negative goodwill occurs notionally as from the date when the equity method is applied.
In almost all cases it will be clear whether a past event has given rise to a present obligation.
An intangible asset that is retired from active use and held for disposal is carried at its carrying amount at the date when the asset is retired from active use.
These rates are adjusted:
This interpretation does not apply to expenditure on purchasing, developing, and operating hardware (e.g. web servers, staging servers, production servers and Internet connections) of a web site.
If there has been a significant change in the expected pattern of economic benefits from the asset, the amortisation method should be changed to reflect the changed pattern.
make more informed judgements about the enterprise as a whole.
interest on bank overdrafts and short-term and long-term borrowings;
the assets and liabilities, both monetary and non-monetary, of the foreign entity should be translated at the closing rate;
the type or class of customer for the products or services;
those resulting from executory contracts, except where the contract is onerous.
Member States which have decided to apply the possibilities provided for in this paragraph, shall notify farmers and the Commission by 15 September of their choices and the detailed rules for their application.
This is the office responsible for administrative control and authorisation, for example, the region.
By 31 December 2010 at the latest, the Commission shall submit a report on the application of the farm advisory system, accompanied, if necessary, by appropriate proposals with a view of rendering it compulsory.
In case of application of Article 70, in Finland and in Sweden north of the 62nd Parallel and some adjacent areas affected by comparable climatic conditions rendering agricultural activity particularly difficult, farmers producing cereals, oilseeds, linseed and flax and hemp grown for fibre shall be granted a specific aid of EUR 24/t, multiplied by the yields determined in the regionalisation plan for the region concerned within the limit of a ceiling, fixed by the Commission in accordance with Article 64(2), corresponding to the component of this aid in the ceiling referred to in Article 41.
Scope
Having regard to the Treaty establishing the European Community, and in particular Articles 36 and the third subparagraph of 37(2) thereof,
Licences shall be issued by the Member States to any applicant, irrespective of his place of establishment in the Community and without prejudice to measures taken for the application of Articles 13, 14 and 15.
The following provisions are deleted:
FOOD QUALITY
area payments to farmers, to be granted per hectare of forage area, which is available to a farmer during the calendar year concerned and in respect of which no payments are claimed for the same year under the support system for farmers producing certain arable crops, under the aid system for dried fodder and under Community aid schemes for other permanent or horticultural crops;
For the classification of alloys in the subheadings of heading 7110, each alloy is to be classified with that metal, platinum, palladium, rhodium, iridium, osmium or ruthenium which predominates by weight over each other of these metals.
This chapter does not cover waste or scrap.
Any Member State may decide not to implement paragraph 1 on the basis of one or both of the following criteria:
For the purposes of subheadings 2103 20 00 and 2103 90 90, the expression "sauces" does not cover a preparation of vegetables, fruit or other edible parts of plants if the percentage of these ingredients passing through a metal wire sieve, with an aperture of 5 mm, is, after rinsing with water of a temperature of 20 °C, less than 80 % by weight, calculated on the original preparation.
Article 2
The Commission shall in turn inform the other Member States.
prepared paints, inks or other products with a basis of metallic flakes or powder (headings 3207 to 3210, 3212, 3213 or 3215);
See page 40 of this Official Journal.
The applicant for an authorisation as referred to in paragraph 2 and, after the authorisation is granted, the authorisation-holder or his representative, shall be established in the Community.
The central liaison office shall be responsible for keeping the list of those departments up to date and making it available to the central liaison offices of the other Member States concerned.
Any decision taken under, or failure to exercise, the powers vested in the Authority by this Regulation may be reviewed by the Commission on its own initiative or in response to a request from a Member State or from any person directly and individually concerned.
lay down Community procedures for the authorisation and supervision of genetically modified food and feed;
Article 47
Local authority of the commune in which the beneficiary resides.
for the purposes of applying Articles 110 (for benefits in kind) and 113(2) of the implementing Regulation:
of 7 November 2003
semen from rams of the ARR/ARR genotype;
Current transfers paid
The Council, acting by qualified majority on the proposal from the Commission, shall, by 31 May 2004, decide on the maximum annual fishing effort referred to in paragraph 1.
Interest paid on mortgage refers to the total gross amount, before deducting any tax credit or tax allowance, of mortgage interest on the main residence of the household during the income reference period.
Soft natural phosphates exclusively.
Distilled or demineralised water, free from carbon dioxide.
coefficient of specific absorbance:
Replacement of a Community trade mark by an international registration
Article 141
Wash the beaker and crucible until the excess ammonium oxalate has been completely removed (this can be checked by the absence of chloride in the washing water).
Add approximately 400 millilitres of water and, taking care when the sample contains a significant quantity of carbonates, 50 millilitres of dilute hydrochloric acid (4.1) a small amount at a time.
M2= mass, in grams, of the residue on the 0,063 mm sieve.
Continue the distillation for about an hour.
The percentage of zinc in the fertiliser is as follows:
M.B.103 Acceptable means of compliance
Ascorbic acid
Article 4
Before commencing compilation of the complete dossier, a participant shall:
Airworthiness Review certificate
